/home/vijaykumar/workspace/java/spring/poc/asterisk-media-service/src/main/java/com/vizzy/asterisk/astman/AsteriskAction.java
/home/vijaykumar/workspace/java/spring/poc/asterisk-media-service/src/main/java/com/vizzy/asterisk/astman/AstCDRJob.java
/home/vijaykumar/workspace/java/spring/poc/asterisk-media-service/src/main/java/com/vizzy/ast/media/service/AstMediaService.java
/home/vijaykumar/workspace/java/spring/poc/asterisk-media-service/src/main/java/com/vizzy/ast/media/service/ICallHandler.java
/home/vijaykumar/workspace/java/spring/poc/asterisk-media-service/src/main/java/com/vizzy/asterisk/astman/AsteriskEventManager.java
/home/vijaykumar/workspace/java/spring/poc/asterisk-media-service/src/main/java/com/vizzy/asterisk/astman/IAsteriskEventHandler.java
/home/vijaykumar/workspace/java/spring/poc/asterisk-media-service/src/main/java/com/vizzy/asterisk/astman/bean/AstWorkflowActionBean.java
/home/vijaykumar/workspace/java/spring/poc/asterisk-media-service/src/main/java/com/vizzy/asterisk/astman/AstmanUtil.java
/home/vijaykumar/workspace/java/spring/poc/asterisk-media-service/src/main/java/com/vizzy/asterisk/astman/AsteriskManager.java
/home/vijaykumar/workspace/java/spring/poc/asterisk-media-service/src/main/java/com/vizzy/asterisk/astman/AsteriskEventHandler.java
/home/vijaykumar/workspace/java/spring/poc/asterisk-media-service/src/main/java/com/vizzy/media/util/IDGenerator.java
/home/vijaykumar/workspace/java/spring/poc/asterisk-media-service/src/main/java/com/vizzy/media/util/MessagingService.java
/home/vijaykumar/workspace/java/spring/poc/asterisk-media-service/src/main/java/com/vizzy/asterisk/astman/bean/AstCDRHistory.java
/home/vijaykumar/workspace/java/spring/poc/asterisk-media-service/src/main/java/com/vizzy/media/util/JSONUtil.java
/home/vijaykumar/workspace/java/spring/poc/asterisk-media-service/src/main/java/com/vizzy/asterisk/astman/AstCDRHistoryService.java
